dark   slide 0   headline       16.49:1  AA   AAA  text rgb(232,238,255) a1  worstBg rgb(10,16,21)  mean rgb(5,7,14)
dark   slide 0   sub-headline   16.49:1  AA   AAA  text rgb(232,238,255) a1  worstBg rgb(10,16,21)  mean rgb(5,8,14)
dark   slide 0   paragraph       1.08:1  FAIL       text rgb(3,3,4) a0.8  worstBg rgb(10,16,20)  mean rgb(5,8,14)
dark   slide 0   trust row       1.04:1  FAIL       text rgb(2,3,4) a0.75  worstBg rgb(5,11,16)  mean rgb(5,7,14)
dark   slide 0   primary CTA     1.02:1  FAIL       text rgb(4,7,15) a1  worstBg rgb(6,12,16)  mean rgb(5,7,14)
dark   slide 1   headline       16.26:1  AA   AAA  text rgb(232,238,255) a1  worstBg rgb(15,17,24)  mean rgb(6,8,16)
dark   slide 1   sub-headline   16.48:1  AA   AAA  text rgb(232,238,255) a1  worstBg rgb(15,15,20)  mean rgb(6,9,17)
dark   slide 1   paragraph        1.1:1  FAIL       text rgb(4,4,5) a0.8  worstBg rgb(17,18,25)  mean rgb(7,9,17)
dark   slide 1   trust row       1.06:1  FAIL       text rgb(4,4,5) a0.75  worstBg rgb(12,14,21)  mean rgb(6,8,16)
dark   slide 1   primary CTA     1.06:1  FAIL       text rgb(4,7,15) a1  worstBg rgb(15,16,21)  mean rgb(5,8,16)
dark   slide 2   headline       16.31:1  AA   AAA  text rgb(232,238,255) a1  worstBg rgb(16,16,25)  mean rgb(14,12,24)
dark   slide 2   sub-headline   16.31:1  AA   AAA  text rgb(232,238,255) a1  worstBg rgb(16,16,25)  mean rgb(14,13,24)
dark   slide 2   paragraph       1.09:1  FAIL       text rgb(4,3,5) a0.8  worstBg rgb(16,16,26)  mean rgb(14,12,25)
dark   slide 2   trust row       1.06:1  FAIL       text rgb(2,3,6) a0.75  worstBg rgb(5,13,22)  mean rgb(5,13,21)
dark   slide 2   primary CTA     1.05:1  FAIL       text rgb(4,7,15) a1  worstBg rgb(6,15,25)  mean rgb(10,9,24)
dark   slide 3   headline       16.31:1  AA   AAA  text rgb(232,238,255) a1  worstBg rgb(16,16,25)  mean rgb(14,12,24)
dark   slide 3   sub-headline   16.31:1  AA   AAA  text rgb(232,238,255) a1  worstBg rgb(16,16,25)  mean rgb(14,13,24)
dark   slide 3   paragraph       1.09:1  FAIL       text rgb(4,3,5) a0.8  worstBg rgb(16,16,26)  mean rgb(14,12,25)
dark   slide 3   trust row       1.06:1  FAIL       text rgb(2,3,6) a0.75  worstBg rgb(5,13,22)  mean rgb(5,13,21)
dark   slide 3   primary CTA     1.05:1  FAIL       text rgb(4,7,15) a1  worstBg rgb(6,15,25)  mean rgb(10,9,24)
light  slide 0   headline       16.23:1  AA   AAA  text rgb(15,23,42) a1  worstBg rgb(244,244,244)  mean rgb(245,246,245)
light  slide 0   sub-headline   16.23:1  AA   AAA  text rgb(15,23,42) a1  worstBg rgb(244,244,244)  mean rgb(244,245,244)
light  slide 0   paragraph      11.83:1  AA   AAA  text rgb(49,49,49) a0.8  worstBg rgb(244,244,244)  mean rgb(245,246,245)
light  slide 0   trust row      10.07:1  AA   AAA  text rgb(62,62,62) a0.75  worstBg rgb(248,248,248)  mean rgb(248,249,248)
light  slide 0   primary CTA     1.09:1  FAIL       text rgb(255,255,255) a1  worstBg rgb(245,245,245)  mean rgb(246,246,246)
light  slide 1   headline        16.8:1  AA   AAA  text rgb(15,23,42) a1  worstBg rgb(252,246,255)  mean rgb(254,251,255)
light  slide 1   sub-headline    16.8:1  AA   AAA  text rgb(15,23,42) a1  worstBg rgb(252,246,255)  mean rgb(254,251,254)
light  slide 1   paragraph      12.01:1  AA   AAA  text rgb(50,49,51) a0.8  worstBg rgb(251,244,255)  mean rgb(253,250,254)
light  slide 1   trust row      10.24:1  AA   AAA  text rgb(62,64,64) a0.75  worstBg rgb(248,254,255)  mean rgb(249,254,255)
light  slide 1   primary CTA     1.06:1  FAIL       text rgb(255,255,255) a1  worstBg rgb(251,247,255)  mean rgb(252,249,255)
light  slide 2   headline       16.23:1  AA   AAA  text rgb(15,23,42) a1  worstBg rgb(244,244,244)  mean rgb(247,252,251)
light  slide 2   sub-headline   16.23:1  AA   AAA  text rgb(15,23,42) a1  worstBg rgb(244,244,244)  mean rgb(247,252,252)
light  slide 2   paragraph      11.72:1  AA   AAA  text rgb(49,49,49) a0.8  worstBg rgb(243,243,243)  mean rgb(246,249,249)
light  slide 2   trust row      10.07:1  AA   AAA  text rgb(62,62,62) a0.75  worstBg rgb(248,248,248)  mean rgb(249,251,251)
light  slide 2   primary CTA     1.09:1  FAIL       text rgb(255,255,255) a1  worstBg rgb(245,245,245)  mean rgb(248,250,249)
light  slide 3   headline       16.23:1  AA   AAA  text rgb(15,23,42) a1  worstBg rgb(244,244,244)  mean rgb(247,252,251)
light  slide 3   sub-headline   16.23:1  AA   AAA  text rgb(15,23,42) a1  worstBg rgb(244,244,244)  mean rgb(247,252,252)
light  slide 3   paragraph      11.72:1  AA   AAA  text rgb(49,49,49) a0.8  worstBg rgb(243,243,243)  mean rgb(246,249,249)
light  slide 3   trust row      10.07:1  AA   AAA  text rgb(62,62,62) a0.75  worstBg rgb(248,248,248)  mean rgb(249,251,251)
light  slide 3   primary CTA     1.09:1  FAIL       text rgb(255,255,255) a1  worstBg rgb(245,245,245)  mean rgb(248,250,249)

40 measurements, 16 below AA (4.5:1)
worst: dark/s0/paragraph=1.08, dark/s0/trust row=1.04, dark/s0/primary CTA=1.02, dark/s1/paragraph=1.1, dark/s1/trust row=1.06, dark/s1/primary CTA=1.06, dark/s2/paragraph=1.09, dark/s2/trust row=1.06, dark/s2/primary CTA=1.05, dark/s3/paragraph=1.09, dark/s3/trust row=1.06, dark/s3/primary CTA=1.05, light/s0/primary CTA=1.09, light/s1/primary CTA=1.06, light/s2/primary CTA=1.09, light/s3/primary CTA=1.09
